// Jest Snapshot v1, https://goo.gl/fbAQLP

exports[`renders a snapshot 1`] = `
<div
  className="card"
>
  <div
    className="card"
    style={
      Object {
        "width": "18rem",
      }
    }
  >
    <img
      className="card-img-top"
      src="Frozen.jpeg"
    />
    <div
      className="card-body"
    >
      <div
        className="card-title h5"
      >
        Frozen
      </div>
      <p
        className="card-text"
      >
        When the newly crowned Queen Elsa accidentally uses her power to turn things into ice to curse her home in infinite winter, her sister Anna teams up with a mountain man, his playful reindeer, and a snowman to change the weather condition.
      </p>
    </div>
  </div>
</div>
`;
